// Jest Snapshot v1, https://goo.gl/fbAQLP

exports[`renders correctly 1`] = `
{
  "children": "Snapshot test!",
  "style": [
    {
      "color": "#0f172a",
    },
    {
      "fontSize": 16,
      "lineHeight": 24,
    },
    undefined,
    undefined,
    undefined,
    undefined,
    undefined,
  ],
}
`;
